**********************
Windows PowerShell transcript start
Start time: 20260511174917
Username: DESKTOP-6NMLOCU\Laxman
RunAs User: DESKTOP-6NMLOCU\Laxman
Configuration Name: 
Machine: DESKTOP-6NMLOCU (Microsoft Windows NT 10.0.19045.0)
Host Application: C:\WINDOWS\System32\WindowsPowerShell\v1.0\powershell.exe -NoProfile -ExecutionPolicy Bypass -File H:\RESTAURANT\indefine-kitchen\scripts\reset-postgres.ps1 -PasswordFile C:\Users\laksh\AppData\Local\Temp\ik-pg-newpwd-2087963619.txt
Process ID: 15996
PSVersion: 5.1.19041.6456
PSEdition: Desktop
PSCompatibleVersions: 1.0, 2.0, 3.0, 4.0, 5.0, 5.1.19041.6456
BuildVersion: 10.0.19041.6456
CLRVersion: 4.0.30319.42000
WSManStackVersion: 3.0
PSRemotingProtocolVersion: 2.3
SerializationVersion: 1.1.0.1
**********************
PHASE0_DB_RESET_OK
pgpass.conf written to C:\Users\laksh\AppData\Roaming\postgresql\pgpass.conf
**********************
Windows PowerShell transcript end
End time: 20260511174926
**********************
